<html>
<body>
<pre>
<h1>µVision Build Log</h1>
<h2>Tool Versions:</h2>
IDE-Version: µVision V5.14.2
Copyright (C) 2015 ARM Ltd and ARM Germany GmbH. All rights reserved.
License Information: Cortex-M4, Student, LIC=----
 
Tool Versions:
Toolchain:       MDK-Lite  Version: 4.74.0.0
Toolchain Path:  C:\Keil_v5\ARM\ARMCC\Bin
C Compiler:      Armcc.exe V5.03 [Build 76]
Assembler:       Armasm.exe V5.03.0.76 [Evaluation]
Linker/Locator:  ArmLink.exe V5.03.0.76 [Evaluation]
Library Manager: ArmAr.exe V5.03.0.76 [Evaluation]
Hex Converter:   FromElf.exe V5.03.0.76 [Evaluation]
CPU DLL:         SARMCM3.DLL V4.74.0.0
Dialog DLL:      DCM.DLL V1.10.0.0
Target DLL:      lmidk-agdi.dll V???
Dialog DLL:      TCM.DLL V1.14.1.0
 
<h2>Project:</h2>
D:\Codes and stuffs\TIVA C\PIANO\Piano\piano.uvproj
Project File Date:  05/17/2016

<h2>Output:</h2>
*** Using Compiler 'V5.03 [Build 76]', folder: 'C:\Keil_v5\ARM\ARMCC\Bin'
Rebuild target 'Lab13'
assembling startup.s...
compiling Sound.c...
compiling DAC.c...
DAC.c(21): warning:  #550-D: variable "delay" was set but never used
        unsigned long int delay;
DAC.c: 1 warning, 0 errors
compiling Piano.c...
Piano.c(21): warning:  #550-D: variable "delay" was set but never used
        unsigned long int delay;
Piano.c: 1 warning, 0 errors
compiling main.c...
linking...
Program Size: Code=1700 RO-data=32 RW-data=260 ZI-data=1124  
".\Lab13.axf" - 0 Error(s), 2 Warning(s).
</pre>
</body>
</html>
